// Jest Snapshot v1, https://goo.gl/fbAQLP

exports[`App renders correctly 1`] = `
<div>
  <div
    className="Header-root-1"
  >
    <header
      className="MuiPaper-root-14 MuiPaper-elevation4-20 MuiAppBar-root-5 MuiAppBar-positionStatic-9 MuiAppBar-colorPrimary-12"
    >
      <div
        className="MuiToolbar-root-41 MuiToolbar-regular-43 MuiToolbar-gutters-42"
      >
        <button
          aria-label="Open drawer"
          className="MuiButtonBase-root-51 MuiIconButton-root-45 Header-menuButton-3"
          disabled={false}
          onBlur={[Function]}
          onContextMenu={[Function]}
          onFocus={[Function]}
          onKeyDown={[Function]}
          onKeyUp={[Function]}
          onMouseDown={[Function]}
          onMouseLeave={[Function]}
          onMouseUp={[Function]}
          onTouchEnd={[Function]}
          onTouchMove={[Function]}
          onTouchStart={[Function]}
          tabIndex="0"
          type="button"
        >
          <span
            className="MuiIconButton-label-50"
          >
            <a
              className="header-link"
              href="/"
              onClick={[Function]}
            >
              <svg
                aria-hidden="true"
                className="MuiSvgIcon-root-54"
                focusable="false"
                role="presentation"
                viewBox="0 0 24 24"
              >
                <path
                  d="M0 0h24v24H0z"
                  fill="none"
                />
                <path
                  d="M3 18h18v-2H3v2zm0-5h18v-2H3v2zm0-7v2h18V6H3z"
                />
              </svg>
            </a>
          </span>
          <span
            className="MuiTouchRipple-root-179"
          />
        </button>
        <h6
          className="MuiTypography-root-63 MuiTypography-h6-80 MuiTypography-noWrap-89 Header-title-4"
        >
          “Test Shop” Project
        </h6>
        <div
          className="Header-grow-2"
        />
        <div>
          <span
            className="CartBage-totalSum-98"
          >
            Total sum: 
            0
          </span>
          <div
            className="MuiInputBase-root-122 MuiInput-root-109 MuiInput-underline-113"
            onClick={[Function]}
          >
            <div
              className="MuiNativeSelect-root-102 CurrencySelect-root-99"
            >
              <select
                className="MuiNativeSelect-select-103 CurrencySelect-select-100 MuiInputBase-input-132 MuiInput-input-117"
                onBlur={[Function]}
                onChange={[Function]}
                onFocus={[Function]}
                value="UAH"
              >
                <option
                  style={
                    Object {
                      "backgroundColor": "inherit",
                      "color": "black",
                    }
                  }
                  value="UAH"
                >
                  ₴
                </option>
                <option
                  style={
                    Object {
                      "backgroundColor": "inherit",
                      "color": "black",
                    }
                  }
                  value="USD"
                >
                  $
                </option>
                <option
                  style={
                    Object {
                      "backgroundColor": "inherit",
                      "color": "black",
                    }
                  }
                  value="EUR"
                >
                  €
                </option>
              </select>
              <svg
                aria-hidden="true"
                className="MuiSvgIcon-root-54 MuiNativeSelect-icon-108 CurrencySelect-icon-101"
                focusable="false"
                role="presentation"
                viewBox="0 0 24 24"
              >
                <path
                  d="M7 10l5 5 5-5z"
                />
              </svg>
            </div>
          </div>
          <a
            className="cartLink"
            href="/cart"
            onClick={[Function]}
          >
            <button
              className="MuiButtonBase-root-51 MuiIconButton-root-45"
              disabled={false}
              onBlur={[Function]}
              onContextMenu={[Function]}
              onFocus={[Function]}
              onKeyDown={[Function]}
              onKeyUp={[Function]}
              onMouseDown={[Function]}
              onMouseLeave={[Function]}
              onMouseUp={[Function]}
              onTouchEnd={[Function]}
              onTouchMove={[Function]}
              onTouchStart={[Function]}
              tabIndex="0"
              type="button"
            >
              <span
                className="MuiIconButton-label-50"
              >
                <span
                  className="MuiBadge-root-139"
                >
                  <svg
                    height="24"
                    viewBox="0 0 24 24"
                    width="24"
                    xmlns="http://www.w3.org/2000/svg"
                  >
                    <path
                      d="M7 18c-1.1 0-1.99.9-1.99 2S5.9 22 7 22s2-.9 2-2-.9-2-2-2zM1 2v2h2l3.6 7.59-1.35 2.45c-.16.28-.25.61-.25.96 0 1.1.9 2 2 2h12v-2H7.42c-.14 0-.25-.11-.25-.25l.03-.12.9-1.63h7.45c.75 0 1.41-.41 1.75-1.03l3.58-6.49c.08-.14.12-.31.12-.48 0-.55-.45-1-1-1H5.21l-.94-2H1zm16 16c-1.1 0-1.99.9-1.99 2s.89 2 1.99 2 2-.9 2-2-.9-2-2-2z"
                    />
                    <path
                      d="M0 0h24v24H0z"
                      fill="none"
                    />
                  </svg>
                  <span
                    className="MuiBadge-badge-140 MuiBadge-colorSecondary-142"
                  >
                    0
                  </span>
                </span>
              </span>
              <span
                className="MuiTouchRipple-root-179"
              />
            </button>
          </a>
        </div>
      </div>
    </header>
  </div>
  <div
    className="snackBar"
  />
  <div
    className="home"
  >
    <ul
      className="products"
    />
    <div>
      <button
        className="MuiButtonBase-root-51 MuiButton-root-153 MuiButton-contained-164 MuiButton-containedPrimary-165 MuiButton-raised-167 MuiButton-raisedPrimary-168 MuiButton-fullWidth-178 showMoreBtn"
        disabled={false}
        onBlur={[Function]}
        onClick={[Function]}
        onContextMenu={[Function]}
        onFocus={[Function]}
        onKeyDown={[Function]}
        onKeyUp={[Function]}
        onMouseDown={[Function]}
        onMouseLeave={[Function]}
        onMouseUp={[Function]}
        onTouchEnd={[Function]}
        onTouchMove={[Function]}
        onTouchStart={[Function]}
        tabIndex="0"
        type="button"
      >
        <span
          className="MuiButton-label-154"
        >
          Show more ...
        </span>
        <span
          className="MuiTouchRipple-root-179"
        />
      </button>
    </div>
  </div>
</div>
`;
